insert span before div:
   <span/><div/>

insert b before div:
   <span/><b/><div/>

insert a before span:
   <a/><span/><b/><div/>

insert text "hello" before span:
   <a/>hello<span/><b/><div/>

insert text "there" before span via a function:
   <a/>hello there<span/><b/><div/>

