interpolateMatrix (translate):
         -0.5  ->  matrix3d(1,0,0,0, 0,1,0,0, 0,0,1,0, 0,0,0,1)translate3d(-3.5,-7,-10.5)rotateX(0rad)rotateY(0rad)rotateZ(0rad)matrix3d(1,0,0,0, 0,1,0,0, 0,0,1,0, 0,0,0,1)matrix3d(1,0,0,0, 0,1,0,0, 0,0,1,0, 0,0,0,1)matrix3d(1,0,0,0, 0,1,0,0, 0,0,1,0, 0,0,0,1)scale3d(1,1,1)
          0.0  ->  matrix3d(1,0,0,0, 0,1,0,0, 0,0,1,0, 0,0,0,1)translate3d(1,2,3)rotateX(0rad)rotateY(0rad)rotateZ(0rad)matrix3d(1,0,0,0, 0,1,0,0, 0,0,1,0, 0,0,0,1)matrix3d(1,0,0,0, 0,1,0,0, 0,0,1,0, 0,0,0,1)matrix3d(1,0,0,0, 0,1,0,0, 0,0,1,0, 0,0,0,1)scale3d(1,1,1)
          0.5  ->  matrix3d(1,0,0,0, 0,1,0,0, 0,0,1,0, 0,0,0,1)translate3d(5.5,11,16.5)rotateX(0rad)rotateY(0rad)rotateZ(0rad)matrix3d(1,0,0,0, 0,1,0,0, 0,0,1,0, 0,0,0,1)matrix3d(1,0,0,0, 0,1,0,0, 0,0,1,0, 0,0,0,1)matrix3d(1,0,0,0, 0,1,0,0, 0,0,1,0, 0,0,0,1)scale3d(1,1,1)
          1.0  ->  matrix3d(1,0,0,0, 0,1,0,0, 0,0,1,0, 0,0,0,1)translate3d(10,20,30)rotateX(0rad)rotateY(0rad)rotateZ(0rad)matrix3d(1,0,0,0, 0,1,0,0, 0,0,1,0, 0,0,0,1)matrix3d(1,0,0,0, 0,1,0,0, 0,0,1,0, 0,0,0,1)matrix3d(1,0,0,0, 0,1,0,0, 0,0,1,0, 0,0,0,1)scale3d(1,1,1)
          1.5  ->  matrix3d(1,0,0,0, 0,1,0,0, 0,0,1,0, 0,0,0,1)translate3d(14.5,29,43.5)rotateX(0rad)rotateY(0rad)rotateZ(0rad)matrix3d(1,0,0,0, 0,1,0,0, 0,0,1,0, 0,0,0,1)matrix3d(1,0,0,0, 0,1,0,0, 0,0,1,0, 0,0,0,1)matrix3d(1,0,0,0, 0,1,0,0, 0,0,1,0, 0,0,0,1)scale3d(1,1,1)

interpolateMatrix (translate + perspective):
         -0.5  ->  matrix3d(1,0,0,0, 0,1,0,0, 0,0,1,0, NaN,0,0,1)translate3d(-3.5,-7,-10.5)rotateX(0rad)rotateY(0rad)rotateZ(0rad)matrix3d(1,0,0,0, 0,1,0,0, 0,0,1,0, 0,0,0,1)matrix3d(1,0,0,0, 0,1,0,0, 0,0,1,0, 0,0,0,1)matrix3d(1,0,0,0, 0,1,0,0, 0,0,1,0, 0,0,0,1)scale3d(1,1,1)
          0.0  ->  matrix3d(1,0,0,0, 0,1,0,0, 0,0,1,0, NaN,0,0,1)translate3d(1,2,3)rotateX(0rad)rotateY(0rad)rotateZ(0rad)matrix3d(1,0,0,0, 0,1,0,0, 0,0,1,0, 0,0,0,1)matrix3d(1,0,0,0, 0,1,0,0, 0,0,1,0, 0,0,0,1)matrix3d(1,0,0,0, 0,1,0,0, 0,0,1,0, 0,0,0,1)scale3d(1,1,1)
          0.5  ->  matrix3d(1,0,0,0, 0,1,0,0, 0,0,1,0, NaN,0,0,1)translate3d(5.5,11,16.5)rotateX(0rad)rotateY(0rad)rotateZ(0rad)matrix3d(1,0,0,0, 0,1,0,0, 0,0,1,0, 0,0,0,1)matrix3d(1,0,0,0, 0,1,0,0, 0,0,1,0, 0,0,0,1)matrix3d(1,0,0,0, 0,1,0,0, 0,0,1,0, 0,0,0,1)scale3d(1,1,1)
          1.0  ->  matrix3d(1,0,0,0, 0,1,0,0, 0,0,1,0, NaN,0,0,1)translate3d(10,20,30)rotateX(0rad)rotateY(0rad)rotateZ(0rad)matrix3d(1,0,0,0, 0,1,0,0, 0,0,1,0, 0,0,0,1)matrix3d(1,0,0,0, 0,1,0,0, 0,0,1,0, 0,0,0,1)matrix3d(1,0,0,0, 0,1,0,0, 0,0,1,0, 0,0,0,1)scale3d(1,1,1)
          1.5  ->  matrix3d(1,0,0,0, 0,1,0,0, 0,0,1,0, NaN,0,0,1)translate3d(14.5,29,43.5)rotateX(0rad)rotateY(0rad)rotateZ(0rad)matrix3d(1,0,0,0, 0,1,0,0, 0,0,1,0, 0,0,0,1)matrix3d(1,0,0,0, 0,1,0,0, 0,0,1,0, 0,0,0,1)matrix3d(1,0,0,0, 0,1,0,0, 0,0,1,0, 0,0,0,1)scale3d(1,1,1)

interpolate (parsed translate matrix):
         -0.5  ->  matrix3d(1,0,0,0, 0,1,0,0, 0,0,1,0, 0,0,0,1)translate3d(-3.5,-7,-10.5)rotateX(0rad)rotateY(0rad)rotateZ(0rad)matrix3d(1,0,0,0, 0,1,0,0, 0,0,1,0, 0,0,0,1)matrix3d(1,0,0,0, 0,1,0,0, 0,0,1,0, 0,0,0,1)matrix3d(1,0,0,0, 0,1,0,0, 0,0,1,0, 0,0,0,1)scale3d(1,1,1)
          0.0  ->  matrix3d(1,0,0,0, 0,1,0,0, 0,0,1,0, 0,0,0,1)translate3d(1,2,3)rotateX(0rad)rotateY(0rad)rotateZ(0rad)matrix3d(1,0,0,0, 0,1,0,0, 0,0,1,0, 0,0,0,1)matrix3d(1,0,0,0, 0,1,0,0, 0,0,1,0, 0,0,0,1)matrix3d(1,0,0,0, 0,1,0,0, 0,0,1,0, 0,0,0,1)scale3d(1,1,1)
          0.5  ->  matrix3d(1,0,0,0, 0,1,0,0, 0,0,1,0, 0,0,0,1)translate3d(5.5,11,16.5)rotateX(0rad)rotateY(0rad)rotateZ(0rad)matrix3d(1,0,0,0, 0,1,0,0, 0,0,1,0, 0,0,0,1)matrix3d(1,0,0,0, 0,1,0,0, 0,0,1,0, 0,0,0,1)matrix3d(1,0,0,0, 0,1,0,0, 0,0,1,0, 0,0,0,1)scale3d(1,1,1)
          1.0  ->  matrix3d(1,0,0,0, 0,1,0,0, 0,0,1,0, 0,0,0,1)translate3d(10,20,30)rotateX(0rad)rotateY(0rad)rotateZ(0rad)matrix3d(1,0,0,0, 0,1,0,0, 0,0,1,0, 0,0,0,1)matrix3d(1,0,0,0, 0,1,0,0, 0,0,1,0, 0,0,0,1)matrix3d(1,0,0,0, 0,1,0,0, 0,0,1,0, 0,0,0,1)scale3d(1,1,1)
          1.5  ->  matrix3d(1,0,0,0, 0,1,0,0, 0,0,1,0, 0,0,0,1)translate3d(14.5,29,43.5)rotateX(0rad)rotateY(0rad)rotateZ(0rad)matrix3d(1,0,0,0, 0,1,0,0, 0,0,1,0, 0,0,0,1)matrix3d(1,0,0,0, 0,1,0,0, 0,0,1,0, 0,0,0,1)matrix3d(1,0,0,0, 0,1,0,0, 0,0,1,0, 0,0,0,1)scale3d(1,1,1)

