data bind:
   <span>0</span><span>1</span><span>2</span><span>3</span><span>4</span><span>5</span><span>6</span><span>7</span><span>8</span><span>9</span>

data retrieve (old selection):
   

data retrieve (reselection):
   0,1,2,3,4,5,6,7,8,9

