determinant:
  243
  -418

multiply:
  [[273,455],[243,235],[244,205],[102,160]]

transpose:
  [[1],[2],[3]]
  [[1,4],[2,5],[3,6]]
  [[1,4,7],[2,5,8],[3,6,9]]
  [[1,3,5,7],[2,4,6,8]]

inverse:
  [[-1.9999999999999998,1],[1.4999999999999998,-0.49999999999999994]]

