append svg:svg:
   <svg/>

append div:
   <svg/><div/>

append text "hello":
   <svg/><div/>hello

append text "there" via a function:
   <svg/><div/>hello there

