length:
  0
  NaN
  3
  5
  7
  11.480853626799707

normalize:
  
  NaN,NaN
  0.5,0.5,0.5,0.5
  0.6,0.8
  0.2857142857142857,0.42857142857142855,0.8571428571428571
  0.17420307452848355,0.2613046117927253,0.5226092235854506,0.7926239891046001

dot:
  0
  12
  13.8

cross:
  -2.4,18,-34.8
  -2.4,18,-34.8

